Password :::   Githubunnati@15


HP@LAPTOP-AEJNKOB7 MINGW64 ~/Desktop/GitHub (master)
$ git config --global user.name Unnati

HP@LAPTOP-AEJNKOB7 MINGW64 ~/Desktop/GitHub (master)
$ git config --global user.email unnatigude15@gmail.com

HP@LAPTOP-AEJNKOB7 MINGW64 ~/Desktop/GitHub (master)
$ git init
Reinitialized existing Git repository in C:/Users/HP/Desktop/GitHub/.git/

HP@LAPTOP-AEJNKOB7 MINGW64 ~/Desktop/GitHub (master)
$ git add .

HP@LAPTOP-AEJNKOB7 MINGW64 ~/Desktop/GitHub (master)
$ git status
On branch master
nothing to commit, working tree clean

HP@LAPTOP-AEJNKOB7 MINGW64 ~/Desktop/GitHub (master)
$ git add .


HP@LAPTOP-AEJNKOB7 MINGW64 ~/Desktop/GitHub (master)
$ git commit -m "Initial commit"
On branch master
nothing to commit, working tree clean

HP@LAPTOP-AEJNKOB7 MINGW64 ~/Desktop/GitHub (master)
$ git remote add origin git@github.com:Unnati-15/GitHub.git

HP@LAPTOP-AEJNKOB7 MINGW64 ~/Desktop/GitHub (master)
$ git push origin master
The authenticity of host 'github.com (20.207.73.82)' can't be established.
ED25519 key fingerprint is SHA256:+DiY3wvvV6TuJJhbpZisF/zLDA0zPMSvHdkr4UvCOqU.
This key is not known by any other names.
Are you sure you want to continue connecting (yes/no/[fingerprint])? yes
Warning: Permanently added 'github.com' (ED25519) to the list of known hosts.




HP@LAPTOP-AEJNKOB7 MINGW64 ~/Desktop/GitHub (master)
$ ^C

HP@LAPTOP-AEJNKOB7 MINGW64 ~/Desktop/GitHub (master)
$ ssh-keygen -t ed25519 -C "unnatigude15@gmail.com"
Generating public/private ed25519 key pair.
Enter file in which to save the key (/c/Users/HP/.ssh/id_ed25519):
Enter passphrase (empty for no passphrase):
Enter same passphrase again:
Your identification has been saved in /c/Users/HP/.ssh/id_ed25519
Your public key has been saved in /c/Users/HP/.ssh/id_ed25519.pub
The key fingerprint is:
SHA256:8qmq1p5TsjjR2W9HfRrRkHaxx0EgbTEbIqYMaZQZfm0 unnatigude15@gmail.com
The key's randomart image is:
+--[ED25519 256]--+
|    .+=  o o.*=+ |
|    .=o + . *o=o.|
|    .. + E ..=. o|
|      . .   . .. |
|   . o. S  . .   |
|  . + oo .. o .  |
|   + + .o.   +   |
|  + +. .o . .    |
| ..++o.. .       |
+----[SHA256]-----+

HP@LAPTOP-AEJNKOB7 MINGW64 ~/Desktop/GitHub (master)
$ cat /c/Users/HP/.ssh/id_ed25519.pub
ssh-ed25519 AAAAC3NzaC1lZDI1NTE5AAAAIOsjoCp/hSfAykN9ySlDBU0dLXMJLFiGaNHmciCFk2Vr unnatigude15@gmail.com

HP@LAPTOP-AEJNKOB7 MINGW64 ~/Desktop/GitHub (master)
$ git push origin master
Enumerating objects: 8, done.
Counting objects: 100% (8/8), done.
Delta compression using up to 4 threads
Compressing objects: 100% (6/6), done.
Writing objects: 100% (8/8), 828 bytes | 43.00 KiB/s, done.
Total 8 (delta 1), reused 0 (delta 0), pack-reused 0
remote: Resolving deltas: 100% (1/1), done.
To github.com:Unnati-15/GitHub.git
 * [new branch]      master -> master

